
> joshhub@0.1.0 test
> vitest run


[1m[30m[46m RUN [49m[39m[22m [36mv4.1.11 [39m[90m/home/runner/work/JoshHub/JoshHub[39m

 [32m✓[39m src/lib/calendar/time.test.ts [2m([22m[2m5 tests[22m[2m)[22m[32m 5[2mms[22m[39m
 [32m✓[39m src/lib/calendar/ics.test.ts [2m([22m[2m4 tests[22m[2m)[22m[32m 24[2mms[22m[39m
 [32m✓[39m src/lib/db/backup.test.ts [2m([22m[2m17 tests[22m[2m)[22m[32m 65[2mms[22m[39m
 [31m❯[39m src/features/care/logic.test.ts [2m([22m[2m0 test[22m[2m)[22m
 [32m✓[39m src/features/everything-map/tree.test.ts [2m([22m[2m2 tests[22m[2m)[22m[32m 4[2mms[22m[39m
 [32m✓[39m src/lib/parsing/comma-list.test.ts [2m([22m[2m2 tests[22m[2m)[22m[32m 4[2mms[22m[39m
 [32m✓[39m src/lib/logic/tagging.test.ts [2m([22m[2m3 tests[22m[2m)[22m[32m 5[2mms[22m[39m
 [32m✓[39m src/lib/validation/url.test.ts [2m([22m[2m2 tests[22m[2m)[22m[32m 3[2mms[22m[39m

[31m⎯⎯⎯⎯⎯⎯[39m[1m[41m Failed Suites 1 [49m[22m[31m⎯⎯⎯⎯⎯⎯⎯[39m

[41m[1m FAIL [22m[49m src/features/care/logic.test.ts[2m [ src/features/care/logic.test.ts ][22m
[31m[1mError[22m: Cannot find package '@/lib/calendar/time' imported from /home/runner/work/JoshHub/JoshHub/src/features/care/logic.ts[39m
[36m [2m❯[22m src/features/care/logic.ts:[2m1:1[22m[39m
    [90m  1|[39m import { isUpcomingEvent, sortEventsByStart } from "@/lib/calendar/tim…
    [90m   |[39m [31m^[39m
    [90m  2|[39m import type { Bookmark, CalendarEvent, Note, Task } from "@/lib/db/sch…
    [90m  3|[39m
[90m [2m❯[22m src/features/care/logic.test.ts:[2m4:1[22m[39m

[31m[2m⎯⎯⎯⎯⎯⎯⎯⎯⎯⎯⎯⎯⎯⎯⎯⎯⎯⎯⎯⎯⎯⎯⎯⎯[1/1]⎯[22m[39m


[2m Test Files [22m [1m[31m1 failed[39m[22m[2m | [22m[1m[32m7 passed[39m[22m[90m (8)[39m
[2m      Tests [22m [1m[32m35 passed[39m[22m[90m (35)[39m
[2m   Start at [22m 10:52:46
[2m   Duration [22m 532ms[2m (transform 179ms, setup 0ms, import 335ms, tests 109ms, environment 1ms)[22m


::error file=/home/runner/work/JoshHub/JoshHub/src/features/care/logic.ts,title=src/features/care/logic.test.ts,line=1,column=1::Error: Cannot find package '@/lib/calendar/time' imported from /home/runner/work/JoshHub/JoshHub/src/features/care/logic.ts%0A ❯ src/features/care/logic.ts:1:1%0A ❯ src/features/care/logic.test.ts:4:1%0A%0A⎯⎯⎯⎯⎯⎯⎯⎯⎯⎯⎯⎯⎯⎯⎯⎯⎯⎯⎯⎯⎯⎯⎯⎯⎯⎯⎯⎯⎯⎯%0ASerialized Error: { code: 'ERR_MODULE_NOT_FOUND' }%0A
TEST_EXIT_STATUS=1
